// Jest Snapshot v1, https://goo.gl/fbAQLP

exports[`Testing FilmCard component Component should successfully rendered 1`] = `
<article
  className="small-movie-card catalog__movies-card"
  onMouseLeave={[Function]}
  onMouseOver={[Function]}
>
  <a
    className="c-inherit"
    href="/film-detail/2"
    onClick={[Function]}
  >
    <div
      className="small-movie-card__image"
    />
    <h3
      className="small-movie-card__title"
    >
      Fantastic Beasts: The Crimes of Grindelwald
    </h3>
  </a>
</article>
`;
